
> website@0.0.0 build
> docusaurus build

[INFO] [en] Creating an optimized production build...
[webpackbar] ℹ Compiling Client
[webpackbar] ℹ Compiling Server
[webpackbar] ✔ Server: Compiled successfully in 667.75ms
[webpackbar] ✔ Client: Compiled successfully in 714.61ms

[ERROR] Error: Unable to build website for locale en.
    at tryToBuildLocale (/Users/blainefisher/Desktop/The Health and Medical Issues of Emergency Management/website/node_modules/@docusaurus/core/lib/commands/build/build.js:83:15)
    at async /Users/blainefisher/Desktop/The Health and Medical Issues of Emergency Management/website/node_modules/@docusaurus/core/lib/commands/build/build.js:35:9
    at async mapAsyncSequential (/Users/blainefisher/Desktop/The Health and Medical Issues of Emergency Management/website/node_modules/@docusaurus/utils/lib/jsUtils.js:21:24)
    at async Command.build (/Users/blainefisher/Desktop/The Health and Medical Issues of Emergency Management/website/node_modules/@docusaurus/core/lib/commands/build/build.js:34:5)
    at async Promise.all (index 0)
    at async runCLI (/Users/blainefisher/Desktop/The Health and Medical Issues of Emergency Management/website/node_modules/@docusaurus/core/lib/commands/cli.js:56:5)
    at async file:///Users/blainefisher/Desktop/The%20Health%20and%20Medical%20Issues%20of%20Emergency%20Management/website/node_modules/@docusaurus/core/bin/docusaurus.mjs:44:3 {
  [cause]: Error: Docusaurus found broken links!
  
  Please check the pages of your site in the list below, and make sure you don't reference any path that does not exist.
  Note: it's possible to ignore broken links with the 'onBrokenLinks' Docusaurus configuration, and let the build pass.
  
  It looks like some of the broken links we found appear in many pages of your site.
  Maybe those broken links appear on all pages through your site layout?
  We recommend that you check your theme configuration for such links (particularly, theme navbar and footer).
  Frequent broken links are linking to:
  - /
  
  Exhaustive list of all broken links found:
  - Broken link on source page path = /404.html:
     -> linking to /
  - Broken link on source page path = /Front_Matter/About_the_Authors:
     -> linking to /
  - Broken link on source page path = /Front_Matter/Acknowledgments:
     -> linking to /
  - Broken link on source page path = /Front_Matter/Foreword:
     -> linking to /
  - Broken link on source page path = /Front_Matter/How_to_Use_This_Book:
     -> linking to /
  - Broken link on source page path = /Front_Matter/List_of_Abbreviations_and_Acronyms:
     -> linking to /
  - Broken link on source page path = /Front_Matter/List_of_Figures_and_Tables:
     -> linking to /
  - Broken link on source page path = /Front_Matter/Preface:
     -> linking to /
  - Broken link on source page path = /Part_I_Foundations/Chapter_01_Scope_and_History:
     -> linking to /
  - Broken link on source page path = /Part_I_Foundations/Chapter_02_Frameworks_and_Legal_Architecture:
     -> linking to /
  - Broken link on source page path = /Part_I_Foundations/Chapter_03_Legal_and_Ethical_Foundations:
     -> linking to /
  - Broken link on source page path = /Part_I_Foundations/Chapter_04_Equity_Social_Determinants_and_Vulnerable_Populations:
     -> linking to /
  - Broken link on source page path = /Part_I_Foundations/Chapter_05_Disaster_Epidemiology_and_Surveillance:
     -> linking to /
  - Broken link on source page path = /Part_I_Foundations/Chapter_06_Behavioral_Health_in_Disasters:
     -> linking to /
  - Broken link on source page path = /Part_II_Preparedness_Planning_Incident_Management/Chapter_07_Emergency_Operations_Planning_and_the_EOP:
     -> linking to /
  - Broken link on source page path = /Part_II_Preparedness_Planning_Incident_Management/Chapter_08_Incident_Management_Systems_and_the_Health_Branch:
     -> linking to /
  - Broken link on source page path = /Part_II_Preparedness_Planning_Incident_Management/Chapter_09_Crisis_Standards_of_Care:
     -> linking to /
  - Broken link on source page path = /Part_III_Medical_Response_Operations/Chapter_10_Mass_Casualty_Incidents:
     -> linking to /
  - Broken link on source page path = /Part_III_Medical_Response_Operations/Chapter_11_Emergency_Medical_Services_Disaster_Response:
     -> linking to /
  - Broken link on source page path = /Part_III_Medical_Response_Operations/Chapter_12_Hospital_Surge_Healthcare_System_Capacity:
     -> linking to /
  - Broken link on source page path = /Part_III_Medical_Response_Operations/Chapter_13_Pharmaceutical_Preparedness_Medical_Countermeasures:
     -> linking to /
  - Broken link on source page path = /Part_III_Medical_Response_Operations/Chapter_14_Environmental_Health_Emergencies_Disaster_Sanitation:
     -> linking to /
  - Broken link on source page path = /Part_III_Medical_Response_Operations/Chapter_14_Fatality_Management:
     -> linking to /
  - Broken link on source page path = /Part_III_Medical_Response_Operations/Chapter_16_Shelter_Medicine_Congregate_Care:
     -> linking to /
  - Broken link on source page path = /Part_IV_Major_Threats/Chapter_17_Infectious_Disease_Emergencies_Pandemics:
     -> linking to /
  - Broken link on source page path = /Part_IV_Major_Threats/Chapter_18_Biological_Threats_Bioterrorism:
     -> linking to /
  - Broken link on source page path = /Part_IV_Major_Threats/Chapter_19_Chemical_Emergencies_Hazmat:
     -> linking to /
  - Broken link on source page path = /Part_IV_Major_Threats/Chapter_20_Radiological_Nuclear_Emergencies:
     -> linking to /
     -> linking to %5BNUMBER%5D (resolved as: /Part_IV_Major_Threats/%5BNUMBER%5D)
  - Broken link on source page path = /Part_IV_Major_Threats/Chapter_21_Extreme_Heat_Cold_Events:
     -> linking to /
     -> linking to %5BNUMBER%5D (resolved as: /Part_IV_Major_Threats/%5BNUMBER%5D)
  - Broken link on source page path = /Part_IV_Major_Threats/Chapter_22_Floods_Hurricanes_Water_Related_Health_Emergencies:
     -> linking to /
     -> linking to %5BISSUE%5D (resolved as: /Part_IV_Major_Threats/%5BISSUE%5D)
  - Broken link on source page path = /Part_IV_Major_Threats/Chapter_23_Wildfire_Smoke_Air_Quality_Emergencies:
     -> linking to /
  - Broken link on source page path = /Part_V_Human_Factors_Recovery_Future/Chapter_24_Risk_Communication_Public_Information:
     -> linking to /
     -> linking to ISSUE (resolved as: /Part_V_Human_Factors_Recovery_Future/ISSUE)
  - Broken link on source page path = /Part_V_Human_Factors_Recovery_Future/Chapter_25_Responder_Health_Safety:
     -> linking to /
  
      at throwError (/Users/blainefisher/Desktop/The Health and Medical Issues of Emergency Management/website/node_modules/@docusaurus/logger/lib/logger.js:80:11)
      at reportBrokenLinks (/Users/blainefisher/Desktop/The Health and Medical Issues of Emergency Management/website/node_modules/@docusaurus/core/lib/server/brokenLinks.js:250:47)
      at handleBrokenLinks (/Users/blainefisher/Desktop/The Health and Medical Issues of Emergency Management/website/node_modules/@docusaurus/core/lib/server/brokenLinks.js:282:5)
      at executeBrokenLinksCheck (/Users/blainefisher/Desktop/The Health and Medical Issues of Emergency Management/website/node_modules/@docusaurus/core/lib/commands/build/buildLocale.js:119:47)
      at /Users/blainefisher/Desktop/The Health and Medical Issues of Emergency Management/website/node_modules/@docusaurus/core/lib/commands/build/buildLocale.js:94:67
      at Object.async (/Users/blainefisher/Desktop/The Health and Medical Issues of Emergency Management/website/node_modules/@docusaurus/logger/lib/perfLogger.js:42:47)
      at buildLocale (/Users/blainefisher/Desktop/The Health and Medical Issues of Emergency Management/website/node_modules/@docusaurus/core/lib/commands/build/buildLocale.js:94:31)
      at async runBuildLocaleTask (/Users/blainefisher/Desktop/The Health and Medical Issues of Emergency Management/website/node_modules/@docusaurus/core/lib/commands/build/build.js:98:5)
      at async /Users/blainefisher/Desktop/The Health and Medical Issues of Emergency Management/website/node_modules/@docusaurus/core/lib/commands/build/build.js:79:13
      at async tryToBuildLocale (/Users/blainefisher/Desktop/The Health and Medical Issues of Emergency Management/website/node_modules/@docusaurus/core/lib/commands/build/build.js:75:9)
}
[INFO] Docusaurus version: 3.9.2
Node version: v24.3.0
